// Jest Snapshot v1, https://goo.gl/fbAQLP

exports[`test ok 1`] = `
Array [
  ".babelrc.js",
  ".circleci/config.yml",
  ".editorconfig",
  ".gitignore",
  ".npmignore",
  ".npmrc",
  ".prettierrc",
  ".travis.yml",
  ".vscode/launch.json",
  "LICENSE",
  "commitlint.config.js",
  "examples/.npmrc",
  "examples/.storybook/addons.js",
  "examples/.storybook/config.js",
  "examples/.storybook/manager-head.html",
  "examples/.storybook/webpack.config.js",
  "examples/package.json",
  "examples/public/.gitkeep",
  "examples/stories/example.tsx",
  "examples/stories/index.story.tsx",
  "examples/stories/styles.scss",
  "examples/stories/util.tsx",
  "examples/tsconfig.json",
  "examples/types/declarations.d.ts",
  "greenkeeper.json",
  "jest.config.js",
  "package.json",
  "readme.md",
  "src/Sample.tsx",
  "src/index.ts",
  "src/styles.scss",
  "tests/Sample.test.tsx",
  "tests/__mocks__/fileMock.js",
  "tests/__mocks__/styleMock.js",
  "tests/setup.ts",
  "tsconfig.json",
  "tslint.json",
]
`;
